Running product configuration...
============================================
PLATFORM_VERSION_CODENAME=REL
PLATFORM_VERSION=15
LINEAGE_VERSION=22.2-20260325-UNOFFICIAL-theloop
TARGET_PRODUCT=lineage_theloop
TARGET_BUILD_VARIANT=userdebug
TARGET_ARCH=arm64
TARGET_ARCH_VARIANT=armv8-a
TARGET_CPU_VARIANT=generic
TARGET_2ND_ARCH=arm
TARGET_2ND_ARCH_VARIANT=armv8-a
TARGET_2ND_CPU_VARIANT=generic
HOST_OS=linux
HOST_OS_EXTRA=Linux-6.6.87.2-microsoft-standard-WSL2-x86_64-Ubuntu-22.04.5-LTS
HOST_CROSS_OS=windows
BUILD_ID=BP1A.250505.005
OUT_DIR=out
PRODUCT_SOONG_NAMESPACES=vendor/rainx/theloop
============================================
[100% 1/1] bootstrap blueprint
Running globs...
[100% 2/2] analyzing Android.bp files and generating ninja file at out/soong/build.lineage_theloop.ninja
FAILED: out/soong/build.lineage_theloop.ninja
cd "$(dirname "out/host/linux-x86/bin/soong_build")" && BUILDER="$PWD/$(basename "out/host/linux-x86/bin/soong_build")" && cd / && env -i  "$BUILDER"     --top "$TOP"     --soong_out "out/soong"     --out "out"     --soong_variables out/soong/soong.lineage_theloop.variables -o out/soong/build.lineage_theloop.ninja -l out/.module_paths/Android.bp.list --available_env out/soong/soong.environment.available --used_env out/soong/soong.environment.used.lineage_theloop.build Android.bp
Warning: Module 'androidx.wear_wear' depends on non-existing optional_uses_libs 'wear-sdk'
Warning: Module 'androidx.wear.compose_compose-foundation' depends on non-existing optional_uses_libs 'wear-sdk'
error: vendor/rainx/theloop/Android.bp:25072:1: "android.hardware.audio.parameter_parser.service" depends on undefined module "av-audio-types-aidl-V1-ndk".
Or did you mean ["av-audio-types-aidl-ndk" "qti-audio-types-aidl-V1-ndk"]?
ninja: build stopped: subcommand failed.
22:48:54 soong bootstrap failed with: exit status 1

[0;31m#### failed to build some targets (14 seconds) ####[00m

